// Bun Snapshot v1, https://bun.sh/docs/test/snapshots

exports[`sse should return a readable stream 1`] = `
[
  {
    "content": [
      {
        "text": 
"
Okay, the user said "hi". I need to respond appropriately. Since they didn't ask a question or request anything specific, I should greet them back and offer assistance. Let me check if there's any tool I need to use here. They didn't mention anything that requires a tool, so a simple response should suffice. I'll make sure to keep it friendly and open-ended.

Maybe add an emoji to keep it approachable. Let me structure it with a subheader and some bullet points for clarity. Wait, the user might be looking for help with something, so I should prompt them to ask questions. Also, remember to ask for their location if they need location-based help. But since they haven't asked for anything like that yet, maybe just a general offer to assist. Alright, let's put it all together.
"
,
        "type": "reasoning",
      },
      {
        "text": 
"Hello! 👋 How can I assist you today? Whether you have questions, need help with planning, or just want to chat, I'm here for you! Let me know how I can be helpful. 🌟  

**Need help with:**  
- Finding information?  
- Scheduling or reminders?  
- General advice or ideas?  

Just ask! 😊"
,
        "type": "text",
      },
    ],
    "finishReason": "stop",
    "providerMetadata": {
      "local-test": {},
    },
    "request": {
      "body": {
        "messages": [
          {
            "content": "Hello, test!",
            "role": "user",
          },
        ],
        "model": "test-model",
        "stream": true,
      },
    },
    "response": {
      "headers": {
        "Cache-Control": "no-cache",
        "Content-Type": "text/event-stream; charset=utf-8",
      },
      "id": "<DYNAMIC_ID>",
      "messages": [
        {
          "content": [
            {
              "text": 
"
Okay, the user said "hi". I need to respond appropriately. Since they didn't ask a question or request anything specific, I should greet them back and offer assistance. Let me check if there's any tool I need to use here. They didn't mention anything that requires a tool, so a simple response should suffice. I'll make sure to keep it friendly and open-ended.

Maybe add an emoji to keep it approachable. Let me structure it with a subheader and some bullet points for clarity. Wait, the user might be looking for help with something, so I should prompt them to ask questions. Also, remember to ask for their location if they need location-based help. But since they haven't asked for anything like that yet, maybe just a general offer to assist. Alright, let's put it all together.
"
,
              "type": "reasoning",
            },
            {
              "text": 
"Hello! 👋 How can I assist you today? Whether you have questions, need help with planning, or just want to chat, I'm here for you! Let me know how I can be helpful. 🌟  

**Need help with:**  
- Finding information?  
- Scheduling or reminders?  
- General advice or ideas?  

Just ask! 😊"
,
              "type": "text",
            },
          ],
          "role": "assistant",
        },
      ],
      "modelId": "qwen/qwen3-32b",
      "timestamp": "<DYNAMIC_TIMESTAMP>",
    },
    "usage": {
      "inputTokens": 311,
      "outputTokens": 248,
      "totalTokens": 559,
    },
    "warnings": [],
  },
]
`;
