// Bun Snapshot v1, https://bun.sh/docs/test/snapshots

exports[`sse should return a readable stream 1`] = `
[
  {
    "content": [
      {
        "text": 
"Hello! 👋 How can I assist you today? Whether you have questions, need help with planning, or just want to chat, I'm here for you! Let me know how I can be helpful. 🌟  

**Need help with:**  
- Finding information?  
- Scheduling or reminders?  
- General advice or ideas?  

Just ask! 😊"
,
        "type": "text",
      },
    ],
    "finishReason": "stop",
    "providerMetadata": {
      "local-test": {},
    },
    "request": {
      "body": {
        "messages": [
          {
            "content": "Hello, test!",
            "role": "user",
          },
        ],
        "model": "test-model",
        "stream": true,
      },
    },
    "response": {
      "headers": {
        "cache-control": "no-cache",
        "content-type": "text/event-stream; charset=utf-8",
      },
      "id": "<DYNAMIC_ID>",
      "messages": [
        {
          "content": [
            {
              "text": 
"Hello! 👋 How can I assist you today? Whether you have questions, need help with planning, or just want to chat, I'm here for you! Let me know how I can be helpful. 🌟  

**Need help with:**  
- Finding information?  
- Scheduling or reminders?  
- General advice or ideas?  

Just ask! 😊"
,
              "type": "text",
            },
          ],
          "role": "assistant",
        },
      ],
      "modelId": "qwen/qwen3-32b",
      "timestamp": "<DYNAMIC_TIMESTAMP>",
    },
    "usage": {
      "inputTokens": 311,
      "outputTokens": 248,
      "totalTokens": 559,
    },
    "warnings": [],
  },
]
`;
